// Jest Snapshot v1, https://goo.gl/fbAQLP

exports[`Radio renders correctly with default props 1`] = `
<div>
  <div
    class="flex items-center space-x-2"
  >
    <input
      class="text-primary-600 h-4 w-4 border-border bg-accent focus:ring-2 focus:ring-primary"
      type="radio"
    />
  </div>
</div>
`;
